<?php

class MyClass{
private string id;
private string name;
private string startAt;
}
