<?php

namespace namespace;

use rootNamespace\Http\Controllers\Controller;
use Illuminate\Http\Request;

class __class__ extends Controller{
}
